╭─ ~ ───────────────────────────────────────────────────────────────────────────────────────────────╮
╰─❯ psql -U arsen -d auca_database                                                                 ─╯
psql (17.6 (Homebrew))
Type "help" for help.

auca_database=# CREATE DATABASE database_name;
CREATE DATABASE
auca_database=# CREATE DATABASE university;
CREATE DATABASE
auca_database=# DROP DATABASE database_name;
DROP DATABASE
auca_database=# DROP DATABASE university;
DROP DATABASE
auca_database=# CREATE DATABASE database_name;
CREATE DATABASE
auca_database=# \c database_name
You are now connected to database "database_name" as user "arsen".
database_name=# CREATE DATABASE university;
CREATE DATABASE
database_name=# \c university;
You are now connected to database "university" as user "arsen".
university=# university
university-# \c university;
You are now connected to database "university" as user "arsen".
university-# DROP DATABASE university;
ERROR:  syntax error at or near "university"
LINE 1: university
        ^
university=# \c auca_database
You are now connected to database "auca_database" as user "arsen".
auca_database=# DROP DATABASE university;
DROP DATABASE
auca_database=# DROP DATABASE database_name;
DROP DATABASE
auca_database=#